Archive member included to satisfy reference by file (symbol)

/home/yudhabhirawaanoraga/Ac6/plugins/fr.ac6.mcu.externaltools.arm-none.linux32_1.13.1.201703061523/tools/compiler/bin/../lib/gcc/arm-none-eabi/5.4.1/../../../../arm-none-eabi/lib/armv7-m/libc_nano.a(lib_a-exit.o)
                              /home/yudhabhirawaanoraga/Ac6/plugins/fr.ac6.mcu.externaltools.arm-none.linux32_1.13.1.201703061523/tools/compiler/bin/../lib/gcc/arm-none-eabi/5.4.1/../../../../arm-none-eabi/lib/armv7-m/crt0.o (exit)
/home/yudhabhirawaanoraga/Ac6/plugins/fr.ac6.mcu.externaltools.arm-none.linux32_1.13.1.201703061523/tools/compiler/bin/../lib/gcc/arm-none-eabi/5.4.1/../../../../arm-none-eabi/lib/armv7-m/libc_nano.a(lib_a-impure.o)
                              /home/yudhabhirawaanoraga/Ac6/plugins/fr.ac6.mcu.externaltools.arm-none.linux32_1.13.1.201703061523/tools/compiler/bin/../lib/gcc/arm-none-eabi/5.4.1/../../../../arm-none-eabi/lib/armv7-m/libc_nano.a(lib_a-exit.o) (_global_impure_ptr)
/home/yudhabhirawaanoraga/Ac6/plugins/fr.ac6.mcu.externaltools.arm-none.linux32_1.13.1.201703061523/tools/compiler/bin/../lib/gcc/arm-none-eabi/5.4.1/../../../../arm-none-eabi/lib/armv7-m/libc_nano.a(lib_a-init.o)
                              /home/yudhabhirawaanoraga/Ac6/plugins/fr.ac6.mcu.externaltools.arm-none.linux32_1.13.1.201703061523/tools/compiler/bin/../lib/gcc/arm-none-eabi/5.4.1/../../../../arm-none-eabi/lib/armv7-m/crt0.o (__libc_init_array)
/home/yudhabhirawaanoraga/Ac6/plugins/fr.ac6.mcu.externaltools.arm-none.linux32_1.13.1.201703061523/tools/compiler/bin/../lib/gcc/arm-none-eabi/5.4.1/../../../../arm-none-eabi/lib/armv7-m/libc_nano.a(lib_a-memset.o)
                              /home/yudhabhirawaanoraga/Ac6/plugins/fr.ac6.mcu.externaltools.arm-none.linux32_1.13.1.201703061523/tools/compiler/bin/../lib/gcc/arm-none-eabi/5.4.1/../../../../arm-none-eabi/lib/armv7-m/crt0.o (memset)
/home/yudhabhirawaanoraga/Ac6/plugins/fr.ac6.mcu.externaltools.arm-none.linux32_1.13.1.201703061523/tools/compiler/bin/../lib/gcc/arm-none-eabi/5.4.1/../../../../arm-none-eabi/lib/armv7-m/libc_nano.a(lib_a-sprintf.o)
                              Src/main.o (sprintf)
/home/yudhabhirawaanoraga/Ac6/plugins/fr.ac6.mcu.externaltools.arm-none.linux32_1.13.1.201703061523/tools/compiler/bin/../lib/gcc/arm-none-eabi/5.4.1/../../../../arm-none-eabi/lib/armv7-m/libc_nano.a(lib_a-nano-svfprintf.o)
                              /home/yudhabhirawaanoraga/Ac6/plugins/fr.ac6.mcu.externaltools.arm-none.linux32_1.13.1.201703061523/tools/compiler/bin/../lib/gcc/arm-none-eabi/5.4.1/../../../../arm-none-eabi/lib/armv7-m/libc_nano.a(lib_a-sprintf.o) (_svfprintf_r)
/home/yudhabhirawaanoraga/Ac6/plugins/fr.ac6.mcu.externaltools.arm-none.linux32_1.13.1.201703061523/tools/compiler/bin/../lib/gcc/arm-none-eabi/5.4.1/../../../../arm-none-eabi/lib/armv7-m/libc_nano.a(lib_a-nano-vfprintf_i.o)
                              /home/yudhabhirawaanoraga/Ac6/plugins/fr.ac6.mcu.externaltools.arm-none.linux32_1.13.1.201703061523/tools/compiler/bin/../lib/gcc/arm-none-eabi/5.4.1/../../../../arm-none-eabi/lib/armv7-m/libc_nano.a(lib_a-nano-svfprintf.o) (_printf_i)
/home/yudhabhirawaanoraga/Ac6/plugins/fr.ac6.mcu.externaltools.arm-none.linux32_1.13.1.201703061523/tools/compiler/bin/../lib/gcc/arm-none-eabi/5.4.1/../../../../arm-none-eabi/lib/armv7-m/libc_nano.a(lib_a-memchr-stub.o)
                              /home/yudhabhirawaanoraga/Ac6/plugins/fr.ac6.mcu.externaltools.arm-none.linux32_1.13.1.201703061523/tools/compiler/bin/../lib/gcc/arm-none-eabi/5.4.1/../../../../arm-none-eabi/lib/armv7-m/libc_nano.a(lib_a-nano-svfprintf.o) (memchr)
/home/yudhabhirawaanoraga/Ac6/plugins/fr.ac6.mcu.externaltools.arm-none.linux32_1.13.1.201703061523/tools/compiler/bin/../lib/gcc/arm-none-eabi/5.4.1/../../../../arm-none-eabi/lib/armv7-m/libc_nano.a(lib_a-memcpy-stub.o)
                              /home/yudhabhirawaanoraga/Ac6/plugins/fr.ac6.mcu.externaltools.arm-none.linux32_1.13.1.201703061523/tools/compiler/bin/../lib/gcc/arm-none-eabi/5.4.1/../../../../arm-none-eabi/lib/armv7-m/libc_nano.a(lib_a-nano-svfprintf.o) (memcpy)
/home/yudhabhirawaanoraga/Ac6/plugins/fr.ac6.mcu.externaltools.arm-none.linux32_1.13.1.201703061523/tools/compiler/bin/../lib/gcc/arm-none-eabi/5.4.1/../../../../arm-none-eabi/lib/armv7-m/libc_nano.a(lib_a-memmove.o)
                              /home/yudhabhirawaanoraga/Ac6/plugins/fr.ac6.mcu.externaltools.arm-none.linux32_1.13.1.201703061523/tools/compiler/bin/../lib/gcc/arm-none-eabi/5.4.1/../../../../arm-none-eabi/lib/armv7-m/libc_nano.a(lib_a-nano-svfprintf.o) (memmove)
/home/yudhabhirawaanoraga/Ac6/plugins/fr.ac6.mcu.externaltools.arm-none.linux32_1.13.1.201703061523/tools/compiler/bin/../lib/gcc/arm-none-eabi/5.4.1/../../../../arm-none-eabi/lib/armv7-m/libc_nano.a(lib_a-nano-freer.o)
[...]
Memory Configuration

Name             Origin             Length             Attributes
RAM              0x20000000         0x00005000         xrw
FLASH            0x08000000         0x00010000         xr
*default*        0x00000000         0xffffffff

Linker script and memory map

LOAD /home/yudhabhirawaanoraga/Ac6/plugins/fr.ac6.mcu.externaltools.arm-none.linux32_1.13.1.201703061523/tools/compiler/bin/../lib/gcc/arm-none-eabi/5.4.1/armv7-m/crti.o
LOAD /home/yudhabhirawaanoraga/Ac6/plugins/fr.ac6.mcu.externaltools.arm-none.linux32_1.13.1.201703061523/tools/compiler/bin/../lib/gcc/arm-none-eabi/5.4.1/armv7-m/crtbegin.o
LOAD /home/yudhabhirawaanoraga/Ac6/plugins/fr.ac6.mcu.externaltools.arm-none.linux32_1.13.1.201703061523/tools/compiler/bin/../lib/gcc/arm-none-eabi/5.4.1/../../../../arm-none-eabi/lib/armv7-m/crt0.o
LOAD /home/yudhabhirawaanoraga/Ac6/plugins/fr.ac6.mcu.externaltools.arm-none.linux32_1.13.1.201703061523/tools/compiler/bin/../lib/gcc/arm-none-eabi/5.4.1/../../../../arm-none-eabi/lib/armv7-m/libm.a
LOAD Drivers/STM32F1xx_HAL_Driver/Src/stm32f1xx_hal.o
LOAD Drivers/STM32F1xx_HAL_Driver/Src/stm32f1xx_hal_cortex.o
LOAD Drivers/STM32F1xx_HAL_Driver/Src/stm32f1xx_hal_dma.o
LOAD Drivers/STM32F1xx_HAL_Driver/Src/stm32f1xx_hal_flash.o
LOAD Drivers/STM32F1xx_HAL_Driver/Src/stm32f1xx_hal_flash_ex.o
LOAD Drivers/STM32F1xx_HAL_Driver/Src/stm32f1xx_hal_gpio.o
LOAD Drivers/STM32F1xx_HAL_Driver/Src/stm32f1xx_hal_gpio_ex.o
LOAD Drivers/STM32F1xx_HAL_Driver/Src/stm32f1xx_hal_pwr.o
LOAD Drivers/STM32F1xx_HAL_Driver/Src/stm32f1xx_hal_rcc.o
LOAD Drivers/STM32F1xx_HAL_Driver/Src/stm32f1xx_hal_rcc_ex.o
LOAD Drivers/STM32F1xx_HAL_Driver/Src/stm32f1xx_hal_tim.o
LOAD Drivers/STM32F1xx_HAL_Driver/Src/stm32f1xx_hal_tim_ex.o
LOAD Src/lcd16x2.o
LOAD Src/main.o
LOAD Src/pushButton.o
LOAD Src/sensor.o
LOAD Src/stm32f1xx_hal_msp.o
LOAD Src/stm32f1xx_it.o
LOAD Src/system_stm32f1xx.o
LOAD startup/startup_stm32f103xb.o
START GROUP
LOAD /home/yudhabhirawaanoraga/Ac6/plugins/fr.ac6.mcu.externaltools.arm-none.linux32_1.13.1.201703061523/tools/compiler/bin/../lib/gcc/arm-none-eabi/5.4.1/armv7-m/libgcc.a
LOAD /home/yudhabhirawaanoraga/Ac6/plugins/fr.ac6.mcu.externaltools.arm-none.linux32_1.13.1.201703061523/tools/compiler/bin/../lib/gcc/arm-none-eabi/5.4.1/../../../../arm-none-eabi/lib/armv7-m/libc_nano.a
END GROUP
START GROUP
LOAD /home/yudhabhirawaanoraga/Ac6/plugins/fr.ac6.mcu.externaltools.arm-none.linux32_1.13.1.201703061523/tools/compiler/bin/../lib/gcc/arm-none-eabi/5.4.1/armv7-m/libgcc.a
LOAD /home/yudhabhirawaanoraga/Ac6/plugins/fr.ac6.mcu.externaltools.arm-none.linux32_1.13.1.201703061523/tools/compiler/bin/../lib/gcc/arm-none-eabi/5.4.1/../../../../arm-none-eabi/lib/armv7-m/libc_nano.a
LOAD /home/yudhabhirawaanoraga/Ac6/plugins/fr.ac6.mcu.externaltools.arm-none.linux32_1.13.1.201703061523/tools/compiler/bin/../lib/gcc/arm-none-eabi/5.4.1/../../../../arm-none-eabi/lib/armv7-m/libnosys.a
END GROUP
START GROUP
LOAD /home/yudhabhirawaanoraga/Ac6/plugins/fr.ac6.mcu.externaltools.arm-none.linux32_1.13.1.201703061523/tools/compiler/bin/../lib/gcc/arm-none-eabi/5.4.1/armv7-m/libgcc.a
LOAD /home/yudhabhirawaanoraga/Ac6/plugins/fr.ac6.mcu.externaltools.arm-none.linux32_1.13.1.201703061523/tools/compiler/bin/../lib/gcc/arm-none-eabi/5.4.1/../../../../arm-none-eabi/lib/armv7-m/libc_nano.a
LOAD /home/yudhabhirawaanoraga/Ac6/plugins/fr.ac6.mcu.externaltools.arm-none.linux32_1.13.1.201703061523/tools/compiler/bin/../lib/gcc/arm-none-eabi/5.4.1/../../../../arm-none-eabi/lib/armv7-m/libnosys.a
END GROUP
LOAD /home/yudhabhirawaanoraga/Ac6/plugins/fr.ac6.mcu.externaltools.arm-none.linux32_1.13.1.201703061523/tools/compiler/bin/../lib/gcc/arm-none-eabi/5.4.1/armv7-m/crtend.o
LOAD /home/yudhabhirawaanoraga/Ac6/plugins/fr.ac6.mcu.externaltools.arm-none.linux32_1.13.1.201703061523/tools/compiler/bin/../lib/gcc/arm-none-eabi/5.4.1/armv7-m/crtn.o
                0x20005000                _estack = 0x20005000
                0x00000200                _Min_Heap_Size = 0x200
                0x00000400                _Min_Stack_Size = 0x400

.isr_vector     0x08000000      0x10c
                0x08000000                . = ALIGN (0x4)
 *(.isr_vector)
 .isr_vector    0x08000000      0x10c startup/startup_stm32f103xb.o
                0x08000000                g_pfnVectors
                0x0800010c                . = ALIGN (0x4)

.text           0x0800010c     0x1ee4
                0x0800010c                . = ALIGN (0x4)
 *(.text)
 .text          0x0800010c       0x5c /home/yudhabhirawaanoraga/Ac6/plugins/fr.ac6.mcu.externaltools.arm-none.linux32_1.13.1.201703061523/tools/compiler/bin/../lib/gcc/arm-none-eabi/5.4.1/armv7-m/crtbegin.o
 *(.text*)
 .text.HAL_InitTick
                0x08000168       0x2c Drivers/STM32F1xx_HAL_Driver/Src/stm32f1xx_hal.o
                0x08000168                HAL_InitTick
 .text.HAL_Init
                0x08000194       0x24 Drivers/STM32F1xx_HAL_Driver/Src/stm32f1xx_hal.o
                0x08000194                HAL_Init
 .text.HAL_IncTick
                0x080001b8       0x10 Drivers/STM32F1xx_HAL_Driver/Src/stm32f1xx_hal.o
                0x080001b8                HAL_IncTick
 .text.HAL_GetTick
                0x080001c8        0xc Drivers/STM32F1xx_HAL_Driver/Src/stm32f1xx_hal.o
                0x080001c8                HAL_GetTick
 .text.HAL_Delay
                0x080001d4       0x24 Drivers/STM32F1xx_HAL_Driver/Src/stm32f1xx_hal.o
                0x080001d4                HAL_Delay
 .text.HAL_NVIC_SetPriorityGrouping
                0x080001f8       0x24 Drivers/STM32F1xx_HAL_Driver/Src/stm32f1xx_hal_cortex.o
                0x080001f8                HAL_NVIC_SetPriorityGrouping
 .text.HAL_NVIC_SetPriority
                0x0800021c       0x64 Drivers/STM32F1xx_HAL_Driver/Src/stm32f1xx_hal_cortex.o
                0x0800021c                HAL_NVIC_SetPriority
 .text.HAL_NVIC_EnableIRQ
                0x08000280       0x18 Drivers/STM32F1xx_HAL_Driver/Src/stm32f1xx_hal_cortex.o
                0x08000280                HAL_NVIC_EnableIRQ
 .text.HAL_SYSTICK_Config
                0x08000298       0x2c Drivers/STM32F1xx_HAL_Driver/Src/stm32f1xx_hal_cortex.o
                0x08000298                HAL_SYSTICK_Config
 .text.HAL_SYSTICK_CLKSourceConfig
                0x080002c4       0x20 Drivers/STM32F1xx_HAL_Driver/Src/stm32f1xx_hal_cortex.o
                0x080002c4                HAL_SYSTICK_CLKSourceConfig
 .text.HAL_SYSTICK_Callback
                0x080002e4        0x4 Drivers/STM32F1xx_HAL_Driver/Src/stm32f1xx_hal_cortex.o
                0x080002e4                HAL_SYSTICK_Callback
 .text.HAL_SYSTICK_IRQHandler
                0x080002e8        0x8 Drivers/STM32F1xx_HAL_Driver/Src/stm32f1xx_hal_cortex.o
                0x080002e8                HAL_SYSTICK_IRQHandler
 .text.HAL_GPIO_Init
                0x080002f0      0x1d8 Drivers/STM32F1xx_HAL_Driver/Src/stm32f1xx_hal_gpio.o
                0x080002f0                HAL_GPIO_Init
 .text.HAL_GPIO_ReadPin
                0x080004c8       0x10 Drivers/STM32F1xx_HAL_Driver/Src/stm32f1xx_hal_gpio.o
                0x080004c8                HAL_GPIO_ReadPin
 .text.HAL_GPIO_WritePin
                0x080004d8        0xc Drivers/STM32F1xx_HAL_Driver/Src/stm32f1xx_hal_gpio.o
                0x080004d8                HAL_GPIO_WritePin
 .text.RCC_Delay
                0x080004e4       0x2c Drivers/STM32F1xx_HAL_Driver/Src/stm32f1xx_hal_rcc.o
 .text.HAL_RCC_OscConfig
                0x08000510      0x400 Drivers/STM32F1xx_HAL_Driver/Src/stm32f1xx_hal_rcc.o
                0x08000510                HAL_RCC_OscConfig
 .text.HAL_RCC_GetSysClockFreq
                0x08000910       0x70 Drivers/STM32F1xx_HAL_Driver/Src/stm32f1xx_hal_rcc.o
                0x08000910                HAL_RCC_GetSysClockFreq
 .text.HAL_RCC_ClockConfig
                0x08000980      0x184 Drivers/STM32F1xx_HAL_Driver/Src/stm32f1xx_hal_rcc.o
                0x08000980                HAL_RCC_ClockConfig
 .text.HAL_RCC_GetHCLKFreq
                0x08000b04        0xc Drivers/STM32F1xx_HAL_Driver/Src/stm32f1xx_hal_rcc.o
                0x08000b04                HAL_RCC_GetHCLKFreq
 .text.TIM_TI1_ConfigInputStage
                0x08000b10       0x24 Drivers/STM32F1xx_HAL_Driver/Src/stm32f1xx_hal_tim.o
 .text.TIM_TI2_ConfigInputStage
                0x08000b34       0x28 Drivers/STM32F1xx_HAL_Driver/Src/stm32f1xx_hal_tim.o
 .text.TIM_ITRx_SetConfig
                0x08000b5c       0x10 Drivers/STM32F1xx_HAL_Driver/Src/stm32f1xx_hal_tim.o
 .text.TIM_ETR_SetConfig
                0x08000b6c       0x18 Drivers/STM32F1xx_HAL_Driver/Src/stm32f1xx_hal_tim.o
 .text.HAL_TIM_Base_Start_IT
                0x08000b84       0x18 Drivers/STM32F1xx_HAL_Driver/Src/stm32f1xx_hal_tim.o
                0x08000b84                HAL_TIM_Base_Start_IT
 .text.HAL_TIM_Base_Stop_IT
                0x08000b9c       0x2c Drivers/STM32F1xx_HAL_Driver/Src/stm32f1xx_hal_tim.o
                0x08000b9c                HAL_TIM_Base_Stop_IT
 .text.HAL_TIM_ConfigClockSource
                0x08000bc8      0x114 Drivers/STM32F1xx_HAL_Driver/Src/stm32f1xx_hal_tim.o
                0x08000bc8                HAL_TIM_ConfigClockSource
 .text.HAL_TIM_PeriodElapsedCallback
                0x08000cdc        0x4 Drivers/STM32F1xx_HAL_Driver/Src/stm32f1xx_hal_tim.o
                0x08000cdc                HAL_TIM_PeriodElapsedCallback
 .text.HAL_TIM_OC_DelayElapsedCallback
                0x08000ce0        0x4 Drivers/STM32F1xx_HAL_Driver/Src/stm32f1xx_hal_tim.o
                0x08000ce0                HAL_TIM_OC_DelayElapsedCallback
 .text.HAL_TIM_IC_CaptureCallback
                0x08000ce4        0x4 Drivers/STM32F1xx_HAL_Driver/Src/stm32f1xx_hal_tim.o
                0x08000ce4                HAL_TIM_IC_CaptureCallback
 .text.HAL_TIM_PWM_PulseFinishedCallback
                0x08000ce8        0x4 Drivers/STM32F1xx_HAL_Driver/Src/stm32f1xx_hal_tim.o
                0x08000ce8                HAL_TIM_PWM_PulseFinishedCallback
 .text.HAL_TIM_TriggerCallback
                0x08000cec        0x4 Drivers/STM32F1xx_HAL_Driver/Src/stm32f1xx_hal_tim.o
                0x08000cec                HAL_TIM_TriggerCallback
 .text.HAL_TIM_IRQHandler
                0x08000cf0      0x174 Drivers/STM32F1xx_HAL_Driver/Src/stm32f1xx_hal_tim.o
                0x08000cf0                HAL_TIM_IRQHandler
 .text.TIM_Base_SetConfig
                0x08000e64       0x70 Drivers/STM32F1xx_HAL_Driver/Src/stm32f1xx_hal_tim.o
                0x08000e64                TIM_Base_SetConfig
 .text.HAL_TIM_Base_Init
                0x08000ed4       0x38 Drivers/STM32F1xx_HAL_Driver/Src/stm32f1xx_hal_tim.o
                0x08000ed4                HAL_TIM_Base_Init
 .text.HAL_TIMEx_MasterConfigSynchronization
                0x08000f0c       0x54 Drivers/STM32F1xx_HAL_Driver/Src/stm32f1xx_hal_tim_ex.o
                0x08000f0c                HAL_TIMEx_MasterConfigSynchronization
 .text.HAL_TIMEx_CommutationCallback
                0x08000f60        0x4 Drivers/STM32F1xx_HAL_Driver/Src/stm32f1xx_hal_tim_ex.o
                0x08000f60                HAL_TIMEx_CommutationCallback
 .text.HAL_TIMEx_BreakCallback
                0x08000f64        0x4 Drivers/STM32F1xx_HAL_Driver/Src/stm32f1xx_hal_tim_ex.o
                0x08000f64                HAL_TIMEx_BreakCallback
 .text.LCD_Enable
                0x08000f68       0x2c Src/lcd16x2.o
                0x08000f68                LCD_Enable
 .text.LCD_Send4Bit
                0x08000f94       0x3c Src/lcd16x2.o
                0x08000f94                LCD_Send4Bit
 .text.LCD_SendCommand
                0x08000fd0       0x1c Src/lcd16x2.o
                0x08000fd0                LCD_SendCommand
 .text.LCD_Init
                0x08000fec       0x4c Src/lcd16x2.o
                0x08000fec                LCD_Init
 .text.LCD_Gotoxy
                0x08001038       0x14 Src/lcd16x2.o
                0x08001038                LCD_Gotoxy
 .text.LCD_PutChar
                0x0800104c       0x28 Src/lcd16x2.o
                0x0800104c                LCD_PutChar
 .text.LCD_Puts
                0x08001074       0x14 Src/lcd16x2.o
                0x08001074                LCD_Puts
 .text.MX_GPIO_Init
                0x08001088       0x80 Src/main.o
 .text._Error_Handler
                0x08001108        0x4 Src/main.o
                0x08001108                _Error_Handler
 .text.MX_TIM3_Init
                0x0800110c       0x70 Src/main.o
 .text.SystemClock_Config
                0x0800117c       0x74 Src/main.o
                0x0800117c                SystemClock_Config
 .text.main     0x080011f0      0x19c Src/main.o
                0x080011f0                main
 .text.startStopDetected
                0x0800138c       0xa8 Src/pushButton.o
                0x0800138c                startStopDetected
 .text.resetDetected
                0x08001434       0x74 Src/pushButton.o
                0x08001434                resetDetected
 .text.sensorDetected
                0x080014a8       0x70 Src/sensor.o
                0x080014a8                sensorDetected
 .text.HAL_MspInit
                0x08001518       0x94 Src/stm32f1xx_hal_msp.o
                0x08001518                HAL_MspInit
 .text.HAL_TIM_Base_MspInit
                0x080015ac       0x40 Src/stm32f1xx_hal_msp.o
                0x080015ac                HAL_TIM_Base_MspInit
 .text.NMI_Handler
                0x080015ec        0x4 Src/stm32f1xx_it.o
                0x080015ec                NMI_Handler
 .text.HardFault_Handler
                0x080015f0        0x4 Src/stm32f1xx_it.o
                0x080015f0                HardFault_Handler
 .text.MemManage_Handler
                0x080015f4        0x4 Src/stm32f1xx_it.o
                0x080015f4                MemManage_Handler
 .text.BusFault_Handler
                0x080015f8        0x4 Src/stm32f1xx_it.o
                0x080015f8                BusFault_Handler
 .text.UsageFault_Handler
                0x080015fc        0x4 Src/stm32f1xx_it.o
                0x080015fc                UsageFault_Handler
 .text.SVC_Handler
                0x08001600        0x4 Src/stm32f1xx_it.o
                0x08001600                SVC_Handler
 .text.DebugMon_Handler
                0x08001604        0x4 Src/stm32f1xx_it.o
                0x08001604                DebugMon_Handler
 .text.PendSV_Handler
                0x08001608        0x4 Src/stm32f1xx_it.o
                0x08001608                PendSV_Handler
 .text.SysTick_Handler
                0x0800160c        0xc Src/stm32f1xx_it.o
                0x0800160c                SysTick_Handler
 .text.TIM3_IRQHandler
                0x08001618       0x64 Src/stm32f1xx_it.o
                0x08001618                TIM3_IRQHandler
 .text.SystemInit
                0x0800167c       0x4c Src/system_stm32f1xx.o
                0x0800167c                SystemInit
 .text.Reset_Handler
                0x080016c8       0x48 startup/startup_stm32f103xb.o
                0x080016c8                Reset_Handler
 .text.Default_Handler
                0x08001710        0x2 startup/startup_stm32f103xb.o
                0x08001710                RTC_Alarm_IRQHandler
                0x08001710                EXTI2_IRQHandler
                0x08001710                TIM1_CC_IRQHandler
                0x08001710                PVD_IRQHandler
                0x08001710                EXTI3_IRQHandler
                0x08001710                EXTI0_IRQHandler
                0x08001710                I2C2_EV_IRQHandler
                0x08001710                ADC1_2_IRQHandler
                0x08001710                SPI1_IRQHandler
                0x08001710                TAMPER_IRQHandler
                0x08001710                DMA1_Channel4_IRQHandler
                0x08001710                USART3_IRQHandler
                0x08001710                RTC_IRQHandler
                0x08001710                DMA1_Channel7_IRQHandler
                0x08001710                CAN1_RX1_IRQHandler
                0x08001710                TIM4_IRQHandler
                0x08001710                I2C1_EV_IRQHandler
                0x08001710                DMA1_Channel6_IRQHandler
                0x08001710                RCC_IRQHandler
                0x08001710                TIM1_TRG_COM_IRQHandler
                0x08001710                DMA1_Channel1_IRQHandler
                0x08001710                Default_Handler
                0x08001710                EXTI15_10_IRQHandler
                0x08001710                EXTI9_5_IRQHandler
                0x08001710                SPI2_IRQHandler
                0x08001710                DMA1_Channel5_IRQHandler
                0x08001710                EXTI4_IRQHandler
                0x08001710                USB_LP_CAN1_RX0_IRQHandler
                0x08001710                USB_HP_CAN1_TX_IRQHandler
                0x08001710                DMA1_Channel3_IRQHandler
                0x08001710                TIM1_UP_IRQHandler
                0x08001710                WWDG_IRQHandler
                0x08001710                TIM2_IRQHandler
                0x08001710                TIM1_BRK_IRQHandler
                0x08001710                EXTI1_IRQHandler
                0x08001710                USART2_IRQHandler
                0x08001710                I2C2_ER_IRQHandler
                0x08001710                DMA1_Channel2_IRQHandler
                0x08001710                CAN1_SCE_IRQHandler
                0x08001710                FLASH_IRQHandler
                0x08001710                USART1_IRQHandler
                0x08001710                I2C1_ER_IRQHandler
                0x08001710                USBWakeUp_IRQHandler
 *fill*         0x08001712        0x2 
 .text.__libc_init_array
                0x08001714       0x4c /home/yudhabhirawaanoraga/Ac6/plugins/fr.ac6.mcu.externaltools.arm-none.linux32_1.13.1.201703061523/tools/compiler/bin/../lib/gcc/arm-none-eabi/5.4.1/../../../../arm-none-eabi/lib/armv7-m/libc_nano.a(lib_a-init.o)
                0x08001714                __libc_init_array
 .text.sprintf  0x08001760       0x48 /home/yudhabhirawaanoraga/Ac6/plugins/fr.ac6.mcu.externaltools.arm-none.linux32_1.13.1.201703061523/tools/compiler/bin/../lib/gcc/arm-none-eabi/5.4.1/../../../../arm-none-eabi/lib/armv7-m/libc_nano.a(lib_a-sprintf.o)
                0x08001760                sprintf
                0x08001760                siprintf
 .text.__ssputs_r
                0x080017a8       0xb2 /home/yudhabhirawaanoraga/Ac6/plugins/fr.ac6.mcu.externaltools.arm-none.linux32_1.13.1.201703061523/tools/compiler/bin/../lib/gcc/arm-none-eabi/5.4.1/../../../../arm-none-eabi/lib/armv7-m/libc_nano.a(lib_a-nano-svfprintf.o)
                0x080017a8                __ssputs_r
 *fill*         0x0800185a        0x2 
 .text._svfprintf_r
                0x0800185c      0x1e8 /home/yudhabhirawaanoraga/Ac6/plugins/fr.ac6.mcu.externaltools.arm-none.linux32_1.13.1.201703061523/tools/compiler/bin/../lib/gcc/arm-none-eabi/5.4.1/../../../../arm-none-eabi/lib/armv7-m/libc_nano.a(lib_a-nano-svfprintf.o)
                0x0800185c                _svfprintf_r
                0x0800185c                _svfiprintf_r
 .text._printf_common
                0x08001a44       0xec /home/yudhabhirawaanoraga/Ac6/plugins/fr.ac6.mcu.externaltools.arm-none.linux32_1.13.1.201703061523/tools/compiler/bin/../lib/gcc/arm-none-eabi/5.4.1/../../../../arm-none-eabi/lib/armv7-m/libc_nano.a(lib_a-nano-vfprintf_i.o)
                0x08001a44                _printf_common
 .text._printf_i
                0x08001b30      0x24c /home/yudhabhirawaanoraga/Ac6/plugins/fr.ac6.mcu.externaltools.arm-none.linux32_1.13.1.201703061523/tools/compiler/bin/../lib/gcc/arm-none-eabi/5.4.1/../../../../arm-none-eabi/lib/armv7-m/libc_nano.a(lib_a-nano-vfprintf_i.o)
                0x08001b30                _printf_i
 .text.memchr   0x08001d7c       0x1c /home/yudhabhirawaanoraga/Ac6/plugins/fr.ac6.mcu.externaltools.arm-none.linux32_1.13.1.201703061523/tools/compiler/bin/../lib/gcc/arm-none-eabi/5.4.1/../../../../arm-none-eabi/lib/armv7-m/libc_nano.a(lib_a-memchr-stub.o)
                0x08001d7c                memchr
 .text.memcpy   0x08001d98       0x16 /home/yudhabhirawaanoraga/Ac6/plugins/fr.ac6.mcu.externaltools.arm-none.linux32_1.13.1.201703061523/tools/compiler/bin/../lib/gcc/arm-none-eabi/5.4.1/../../../../arm-none-eabi/lib/armv7-m/libc_nano.a(lib_a-memcpy-stub.o)
                0x08001d98                memcpy
 .text.memmove  0x08001dae       0x36 /home/yudhabhirawaanoraga/Ac6/plugins/fr.ac6.mcu.externaltools.arm-none.linux32_1.13.1.201703061523/tools/compiler/bin/../lib/gcc/arm-none-eabi/5.4.1/../../../../arm-none-eabi/lib/armv7-m/libc_nano.a(lib_a-memmove.o)
                0x08001dae                memmove
 .text._free_r  0x08001de4       0x98 /home/yudhabhirawaanoraga/Ac6/plugins/fr.ac6.mcu.externaltools.arm-none.linux32_1.13.1.201703061523/tools/compiler/bin/../lib/gcc/arm-none-eabi/5.4.1/../../../../arm-none-eabi/lib/armv7-m/libc_nano.a(lib_a-nano-freer.o)
                0x08001de4                _free_r
 .text._malloc_r
                0x08001e7c       0xbc /home/yudhabhirawaanoraga/Ac6/plugins/fr.ac6.mcu.externaltools.arm-none.linux32_1.13.1.201703061523/tools/compiler/bin/../lib/gcc/arm-none-eabi/5.4.1/../../../../arm-none-eabi/lib/armv7-m/libc_nano.a(lib_a-nano-mallocr.o)
                0x08001e7c                _malloc_r
 .text._realloc_r
                0x08001f38       0x4c /home/yudhabhirawaanoraga/Ac6/plugins/fr.ac6.mcu.externaltools.arm-none.linux32_1.13.1.201703061523/tools/compiler/bin/../lib/gcc/arm-none-eabi/5.4.1/../../../../arm-none-eabi/lib/armv7-m/libc_nano.a(lib_a-nano-reallocr.o)
                0x08001f38                _realloc_r
 .text._sbrk_r  0x08001f84       0x20 /home/yudhabhirawaanoraga/Ac6/plugins/fr.ac6.mcu.externaltools.arm-none.linux32_1.13.1.201703061523/tools/compiler/bin/../lib/gcc/arm-none-eabi/5.4.1/../../../../arm-none-eabi/lib/armv7-m/libc_nano.a(lib_a-sbrkr.o)
                0x08001f84                _sbrk_r
 .text.__malloc_lock
                0x08001fa4        0x2 /home/yudhabhirawaanoraga/Ac6/plugins/fr.ac6.mcu.externaltools.arm-none.linux32_1.13.1.201703061523/tools/compiler/bin/../lib/gcc/arm-none-eabi/5.4.1/../../../../arm-none-eabi/lib/armv7-m/libc_nano.a(lib_a-mlock.o)
                0x08001fa4                __malloc_lock
 .text.__malloc_unlock
                0x08001fa6        0x2 /home/yudhabhirawaanoraga/Ac6/plugins/fr.ac6.mcu.externaltools.arm-none.linux32_1.13.1.201703061523/tools/compiler/bin/../lib/gcc/arm-none-eabi/5.4.1/../../../../arm-none-eabi/lib/armv7-m/libc_nano.a(lib_a-mlock.o)
                0x08001fa6                __malloc_unlock
 .text._malloc_usable_size_r
                0x08001fa8       0x14 /home/yudhabhirawaanoraga/Ac6/plugins/fr.ac6.mcu.externaltools.arm-none.linux32_1.13.1.201703061523/tools/compiler/bin/../lib/gcc/arm-none-eabi/5.4.1/../../../../arm-none-eabi/lib/armv7-m/libc_nano.a(lib_a-nano-msizer.o)
                0x08001fa8                _malloc_usable_size_r
 .text._sbrk    0x08001fbc       0x1c /home/yudhabhirawaanoraga/Ac6/plugins/fr.ac6.mcu.externaltools.arm-none.linux32_1.13.1.201703061523/tools/compiler/bin/../lib/gcc/arm-none-eabi/5.4.1/../../../../arm-none-eabi/lib/armv7-m/libnosys.a(sbrk.o)
                0x08001fbc                _sbrk
 *(.glue_7)
 .glue_7        0x08001fd8        0x0 linker stubs
 *(.glue_7t)
 .glue_7t       0x08001fd8        0x0 linker stubs
 *(.eh_frame)
 .eh_frame      0x08001fd8        0x0 /home/yudhabhirawaanoraga/Ac6/plugins/fr.ac6.mcu.externaltools.arm-none.linux32_1.13.1.201703061523/tools/compiler/bin/../lib/gcc/arm-none-eabi/5.4.1/armv7-m/crtbegin.o
 *(.init)
 .init          0x08001fd8        0x4 /home/yudhabhirawaanoraga/Ac6/plugins/fr.ac6.mcu.externaltools.arm-none.linux32_1.13.1.201703061523/tools/compiler/bin/../lib/gcc/arm-none-eabi/5.4.1/armv7-m/crti.o
                0x08001fd8                _init
 .init          0x08001fdc        0x8 /home/yudhabhirawaanoraga/Ac6/plugins/fr.ac6.mcu.externaltools.arm-none.linux32_1.13.1.201703061523/tools/compiler/bin/../lib/gcc/arm-none-eabi/5.4.1/armv7-m/crtn.o
 *(.fini)
 .fini          0x08001fe4        0x4 /home/yudhabhirawaanoraga/Ac6/plugins/fr.ac6.mcu.externaltools.arm-none.linux32_1.13.1.201703061523/tools/compiler/bin/../lib/gcc/arm-none-eabi/5.4.1/armv7-m/crti.o
                0x08001fe4                _fini
 .fini          0x08001fe8        0x8 /home/yudhabhirawaanoraga/Ac6/plugins/fr.ac6.mcu.externaltools.arm-none.linux32_1.13.1.201703061523/tools/compiler/bin/../lib/gcc/arm-none-eabi/5.4.1/armv7-m/crtn.o
                0x08001ff0                . = ALIGN (0x4)
                0x08001ff0                _etext = .

.vfp11_veneer   0x08001ff0        0x0
 .vfp11_veneer  0x08001ff0        0x0 linker stubs

.v4_bx          0x08001ff0        0x0
 .v4_bx         0x08001ff0        0x0 linker stubs

.iplt           0x08001ff0        0x0
 .iplt          0x08001ff0        0x0 /home/yudhabhirawaanoraga/Ac6/plugins/fr.ac6.mcu.externaltools.arm-none.linux32_1.13.1.201703061523/tools/compiler/bin/../lib/gcc/arm-none-eabi/5.4.1/armv7-m/crtbegin.o

.rodata         0x08001ff0       0xe0
                0x08001ff0                . = ALIGN (0x4)
 *(.rodata)
 .rodata        0x08001ff0       0x12 Drivers/STM32F1xx_HAL_Driver/Src/stm32f1xx_hal_rcc.o
 *fill*         0x08002002        0x2 
 .rodata        0x08002004       0x18 Src/system_stm32f1xx.o
                0x08002004                AHBPrescTable
                0x08002014                APBPrescTable
 *(.rodata*)
 .rodata.str1.4
                0x0800201c       0x3c Src/main.o
 .rodata.str1.4
                0x08002058       0x30 Src/pushButton.o
 .rodata.str1.4
                0x08002088       0x14 Src/sensor.o
                                 0x11 (size before relaxing)
 .rodata.str1.1
                0x0800209c       0x11 /home/yudhabhirawaanoraga/Ac6/plugins/fr.ac6.mcu.externaltools.arm-none.linux32_1.13.1.201703061523/tools/compiler/bin/../lib/gcc/arm-none-eabi/5.4.1/../../../../arm-none-eabi/lib/armv7-m/libc_nano.a(lib_a-nano-svfprintf.o)
 .rodata.str1.1
                0x080020ad       0x22 /home/yudhabhirawaanoraga/Ac6/plugins/fr.ac6.mcu.externaltools.arm-none.linux32_1.13.1.201703061523/tools/compiler/bin/../lib/gcc/arm-none-eabi/5.4.1/../../../../arm-none-eabi/lib/armv7-m/libc_nano.a(lib_a-nano-vfprintf_i.o)
                0x080020d0                . = ALIGN (0x4)
 *fill*         0x080020cf        0x1 

.rel.dyn        0x080020d0        0x0
 .rel.iplt      0x080020d0        0x0 /home/yudhabhirawaanoraga/Ac6/plugins/fr.ac6.mcu.externaltools.arm-none.linux32_1.13.1.201703061523/tools/compiler/bin/../lib/gcc/arm-none-eabi/5.4.1/armv7-m/crtbegin.o

.ARM.extab
 *(.ARM.extab* .gnu.linkonce.armextab.*)

.ARM            0x080020d0        0x0
                0x080020d0                __exidx_start = .
 *(.ARM.exidx*)
                0x080020d0                __exidx_end = .

.preinit_array  0x080020d0        0x0
                0x080020d0                PROVIDE (__preinit_array_start, .)
 *(.preinit_array*)
                0x080020d0                PROVIDE (__preinit_array_end, .)

.init_array     0x080020d0        0x4
                0x080020d0                PROVIDE (__init_array_start, .)
 *(SORT(.init_array.*))
 *(.init_array*)
 .init_array    0x080020d0        0x4 /home/yudhabhirawaanoraga/Ac6/plugins/fr.ac6.mcu.externaltools.arm-none.linux32_1.13.1.201703061523/tools/compiler/bin/../lib/gcc/arm-none-eabi/5.4.1/armv7-m/crtbegin.o
                0x080020d4                PROVIDE (__init_array_end, .)

.fini_array     0x080020d4        0x4
                [!provide]                PROVIDE (__fini_array_start, .)
 *(SORT(.fini_array.*))
 *(.fini_array*)
 .fini_array    0x080020d4        0x4 /home/yudhabhirawaanoraga/Ac6/plugins/fr.ac6.mcu.externaltools.arm-none.linux32_1.13.1.201703061523/tools/compiler/bin/../lib/gcc/arm-none-eabi/5.4.1/armv7-m/crtbegin.o
                [!provide]                PROVIDE (__fini_array_end, .)
                0x080020d8                _sidata = LOADADDR (.data)

.data           0x20000000       0x68 load address 0x080020d8
                0x20000000                . = ALIGN (0x4)
                0x20000000                _sdata = .
 *(.data)
 .data          0x20000000        0x4 Src/system_stm32f1xx.o
                0x20000000                SystemCoreClock
 *(.data*)
 .data.impure_data
                0x20000004       0x60 /home/yudhabhirawaanoraga/Ac6/plugins/fr.ac6.mcu.externaltools.arm-none.linux32_1.13.1.201703061523/tools/compiler/bin/../lib/gcc/arm-none-eabi/5.4.1/../../../../arm-none-eabi/lib/armv7-m/libc_nano.a(lib_a-impure.o)
 .data._impure_ptr
                0x20000064        0x4 /home/yudhabhirawaanoraga/Ac6/plugins/fr.ac6.mcu.externaltools.arm-none.linux32_1.13.1.201703061523/tools/compiler/bin/../lib/gcc/arm-none-eabi/5.4.1/../../../../arm-none-eabi/lib/armv7-m/libc_nano.a(lib_a-impure.o)
                0x20000064                _impure_ptr
                0x20000068                . = ALIGN (0x4)
                0x20000068                _edata = .

.jcr            0x20000068        0x0 load address 0x08002140
 .jcr           0x20000068        0x0 /home/yudhabhirawaanoraga/Ac6/plugins/fr.ac6.mcu.externaltools.arm-none.linux32_1.13.1.201703061523/tools/compiler/bin/../lib/gcc/arm-none-eabi/5.4.1/armv7-m/crtbegin.o

.igot.plt       0x20000068        0x0 load address 0x08002140
 .igot.plt      0x20000068        0x0 /home/yudhabhirawaanoraga/Ac6/plugins/fr.ac6.mcu.externaltools.arm-none.linux32_1.13.1.201703061523/tools/compiler/bin/../lib/gcc/arm-none-eabi/5.4.1/armv7-m/crtbegin.o
                0x20000068                . = ALIGN (0x4)

.bss            0x20000068       0x88 load address 0x08002140
                0x20000068                _sbss = .
                0x20000068                __bss_start__ = _sbss
 *(.bss)
 .bss           0x20000068       0x1c /home/yudhabhirawaanoraga/Ac6/plugins/fr.ac6.mcu.externaltools.arm-none.linux32_1.13.1.201703061523/tools/compiler/bin/../lib/gcc/arm-none-eabi/5.4.1/armv7-m/crtbegin.o
 .bss           0x20000084       0x15 Src/main.o
                0x20000084                jam
                0x20000088                count
                0x2000008c                detik
                0x20000090                menit
                0x20000094                indeks
                0x20000098                debugMode
 *(.bss*)
 *fill*         0x20000099        0x3 
 .bss.__malloc_sbrk_start
                0x2000009c        0x4 /home/yudhabhirawaanoraga/Ac6/plugins/fr.ac6.mcu.externaltools.arm-none.linux32_1.13.1.201703061523/tools/compiler/bin/../lib/gcc/arm-none-eabi/5.4.1/../../../../arm-none-eabi/lib/armv7-m/libc_nano.a(lib_a-nano-mallocr.o)
                0x2000009c                __malloc_sbrk_start
 .bss.__malloc_free_list
                0x200000a0        0x4 /home/yudhabhirawaanoraga/Ac6/plugins/fr.ac6.mcu.externaltools.arm-none.linux32_1.13.1.201703061523/tools/compiler/bin/../lib/gcc/arm-none-eabi/5.4.1/../../../../arm-none-eabi/lib/armv7-m/libc_nano.a(lib_a-nano-mallocr.o)
                0x200000a0                __malloc_free_list
 .bss.heap_end.4167
                0x200000a4        0x4 /home/yudhabhirawaanoraga/Ac6/plugins/fr.ac6.mcu.externaltools.arm-none.linux32_1.13.1.201703061523/tools/compiler/bin/../lib/gcc/arm-none-eabi/5.4.1/../../../../arm-none-eabi/lib/armv7-m/libnosys.a(sbrk.o)
 *(COMMON)
 COMMON         0x200000a8        0x4 Drivers/STM32F1xx_HAL_Driver/Src/stm32f1xx_hal.o
                0x200000a8                uwTick
 COMMON         0x200000ac       0x40 Src/main.o
                0x200000ac                htim3
 COMMON         0x200000ec        0x4 /home/yudhabhirawaanoraga/Ac6/plugins/fr.ac6.mcu.externaltools.arm-none.linux32_1.13.1.201703061523/tools/compiler/bin/../lib/gcc/arm-none-eabi/5.4.1/../../../../arm-none-eabi/lib/armv7-m/libc_nano.a(lib_a-reent.o)
                0x200000ec                errno
                0x200000f0                . = ALIGN (0x4)
                0x200000f0                _ebss = .
                0x200000f0                __bss_end__ = _ebss

._user_heap_stack
                0x200000f0      0x600 load address 0x08002140
                0x200000f0                . = ALIGN (0x8)
                0x200000f0                PROVIDE (end, .)
                [!provide]                PROVIDE (_end, .)
                0x200002f0                . = (. + _Min_Heap_Size)
 *fill*         0x200000f0      0x200 
                0x200006f0                . = (. + _Min_Stack_Size)
 *fill*         0x200002f0      0x400 
                0x200006f0                . = ALIGN (0x8)

/DISCARD/
 libc.a(*)
 libm.a(*)
 libgcc.a(*)

.ARM.attributes
                0x00000000       0x29
 *(.ARM.attributes)
 .ARM.attributes
                0x00000000       0x1d /home/yudhabhirawaanoraga/Ac6/plugins/fr.ac6.mcu.externaltools.arm-none.linux32_1.13.1.201703061523/tools/compiler/bin/../lib/gcc/arm-none-eabi/5.4.1/armv7-m/crti.o
 .ARM.attributes
                0x0000001d       0x2d /home/yudhabhirawaanoraga/Ac6/plugins/fr.ac6.mcu.externaltools.arm-none.linux32_1.13.1.201703061523/tools/compiler/bin/../lib/gcc/arm-none-eabi/5.4.1/armv7-m/crtbegin.o
 .ARM.attributes
                0x0000004a       0x33 Drivers/STM32F1xx_HAL_Driver/Src/stm32f1xx_hal.o
 .ARM.attributes
                0x0000007d       0x33 Drivers/STM32F1xx_HAL_Driver/Src/stm32f1xx_hal_cortex.o
 .ARM.attributes
                0x000000b0       0x33 Drivers/STM32F1xx_HAL_Driver/Src/stm32f1xx_hal_gpio.o
 .ARM.attributes
                0x000000e3       0x33 Drivers/STM32F1xx_HAL_Driver/Src/stm32f1xx_hal_rcc.o
 .ARM.attributes
                0x00000116       0x33 Drivers/STM32F1xx_HAL_Driver/Src/stm32f1xx_hal_tim.o
 .ARM.attributes
                0x00000149       0x33 Drivers/STM32F1xx_HAL_Driver/Src/stm32f1xx_hal_tim_ex.o
 .ARM.attributes
                0x0000017c       0x33 Src/lcd16x2.o
 .ARM.attributes
                0x000001af       0x33 Src/main.o
 .ARM.attributes
                0x000001e2       0x33 Src/pushButton.o
 .ARM.attributes
                0x00000215       0x33 Src/sensor.o
 .ARM.attributes
                0x00000248       0x33 Src/stm32f1xx_hal_msp.o
 .ARM.attributes
                0x0000027b       0x33 Src/stm32f1xx_it.o
 .ARM.attributes
                0x000002ae       0x33 Src/system_stm32f1xx.o
 .ARM.attributes
                0x000002e1       0x21 startup/startup_stm32f103xb.o
 .ARM.attributes
                0x00000302       0x2d /home/yudhabhirawaanoraga/Ac6/plugins/fr.ac6.mcu.externaltools.arm-none.linux32_1.13.1.201703061523/tools/compiler/bin/../lib/gcc/arm-none-eabi/5.4.1/../../../../arm-none-eabi/lib/armv7-m/libc_nano.a(lib_a-impure.o)
 .ARM.attributes
                0x0000032f       0x2d /home/yudhabhirawaanoraga/Ac6/plugins/fr.ac6.mcu.externaltools.arm-none.linux32_1.13.1.201703061523/tools/compiler/bin/../lib/gcc/arm-none-eabi/5.4.1/../../../../arm-none-eabi/lib/armv7-m/libc_nano.a(lib_a-init.o)
 .ARM.attributes
                0x0000035c       0x2d /home/yudhabhirawaanoraga/Ac6/plugins/fr.ac6.mcu.externaltools.arm-none.linux32_1.13.1.201703061523/tools/compiler/bin/../lib/gcc/arm-none-eabi/5.4.1/../../../../arm-none-eabi/lib/armv7-m/libc_nano.a(lib_a-sprintf.o)
 .ARM.attributes
                0x00000389       0x2d /home/yudhabhirawaanoraga/Ac6/plugins/fr.ac6.mcu.externaltools.arm-none.linux32_1.13.1.201703061523/tools/compiler/bin/../lib/gcc/arm-none-eabi/5.4.1/../../../../arm-none-eabi/lib/armv7-m/libc_nano.a(lib_a-nano-svfprintf.o)
 .ARM.attributes
                0x000003b6       0x2d /home/yudhabhirawaanoraga/Ac6/plugins/fr.ac6.mcu.externaltools.arm-none.linux32_1.13.1.201703061523/tools/compiler/bin/../lib/gcc/arm-none-eabi/5.4.1/../../../../arm-none-eabi/lib/armv7-m/libc_nano.a(lib_a-nano-vfprintf_i.o)
 .ARM.attributes
                0x000003e3       0x2d /home/yudhabhirawaanoraga/Ac6/plugins/fr.ac6.mcu.externaltools.arm-none.linux32_1.13.1.201703061523/tools/compiler/bin/../lib/gcc/arm-none-eabi/5.4.1/../../../../arm-none-eabi/lib/armv7-m/libc_nano.a(lib_a-memchr-stub.o)
 .ARM.attributes
                0x00000410       0x2d /home/yudhabhirawaanoraga/Ac6/plugins/fr.ac6.mcu.externaltools.arm-none.linux32_1.13.1.201703061523/tools/compiler/bin/../lib/gcc/arm-none-eabi/5.4.1/../../../../arm-none-eabi/lib/armv7-m/libc_nano.a(lib_a-memcpy-stub.o)
 .ARM.attributes
                0x0000043d       0x2d /home/yudhabhirawaanoraga/Ac6/plugins/fr.ac6.mcu.externaltools.arm-none.linux32_1.13.1.201703061523/tools/compiler/bin/../lib/gcc/arm-none-eabi/5.4.1/../../../../arm-none-eabi/lib/armv7-m/libc_nano.a(lib_a-memmove.o)
 .ARM.attributes
                0x0000046a       0x2d /home/yudhabhirawaanoraga/Ac6/plugins/fr.ac6.mcu.externaltools.arm-none.linux32_1.13.1.201703061523/tools/compiler/bin/../lib/gcc/arm-none-eabi/5.4.1/../../../../arm-none-eabi/lib/armv7-m/libc_nano.a(lib_a-nano-freer.o)
 .ARM.attributes
                0x00000497       0x2d /home/yudhabhirawaanoraga/Ac6/plugins/fr.ac6.mcu.externaltools.arm-none.linux32_1.13.1.201703061523/tools/compiler/bin/../lib/gcc/arm-none-eabi/5.4.1/../../../../arm-none-eabi/lib/armv7-m/libc_nano.a(lib_a-nano-mallocr.o)
 .ARM.attributes
                0x000004c4       0x2d /home/yudhabhirawaanoraga/Ac6/plugins/fr.ac6.mcu.externaltools.arm-none.linux32_1.13.1.201703061523/tools/compiler/bin/../lib/gcc/arm-none-eabi/5.4.1/../../../../arm-none-eabi/lib/armv7-m/libc_nano.a(lib_a-nano-reallocr.o)
 .ARM.attributes
                0x000004f1       0x2d /home/yudhabhirawaanoraga/Ac6/plugins/fr.ac6.mcu.externaltools.arm-none.linux32_1.13.1.201703061523/tools/compiler/bin/../lib/gcc/arm-none-eabi/5.4.1/../../../../arm-none-eabi/lib/armv7-m/libc_nano.a(lib_a-sbrkr.o)
 .ARM.attributes
                0x0000051e       0x2d /home/yudhabhirawaanoraga/Ac6/plugins/fr.ac6.mcu.externaltools.arm-none.linux32_1.13.1.201703061523/tools/compiler/bin/../lib/gcc/arm-none-eabi/5.4.1/../../../../arm-none-eabi/lib/armv7-m/libc_nano.a(lib_a-mlock.o)
 .ARM.attributes
                0x0000054b       0x2d /home/yudhabhirawaanoraga/Ac6/plugins/fr.ac6.mcu.externaltools.arm-none.linux32_1.13.1.201703061523/tools/compiler/bin/../lib/gcc/arm-none-eabi/5.4.1/../../../../arm-none-eabi/lib/armv7-m/libc_nano.a(lib_a-nano-msizer.o)
 .ARM.attributes
                0x00000578       0x2d /home/yudhabhirawaanoraga/Ac6/plugins/fr.ac6.mcu.externaltools.arm-none.linux32_1.13.1.201703061523/tools/compiler/bin/../lib/gcc/arm-none-eabi/5.4.1/../../../../arm-none-eabi/lib/armv7-m/libc_nano.a(lib_a-reent.o)
 .ARM.attributes
                0x000005a5       0x2d /home/yudhabhirawaanoraga/Ac6/plugins/fr.ac6.mcu.externaltools.arm-none.linux32_1.13.1.201703061523/tools/compiler/bin/../lib/gcc/arm-none-eabi/5.4.1/../../../../arm-none-eabi/lib/armv7-m/libnosys.a(sbrk.o)
 .ARM.attributes
                0x000005d2       0x1d /home/yudhabhirawaanoraga/Ac6/plugins/fr.ac6.mcu.externaltools.arm-none.linux32_1.13.1.201703061523/tools/compiler/bin/../lib/gcc/arm-none-eabi/5.4.1/armv7-m/crtn.o
OUTPUT(BISMILLAH.elf elf32-littlearm)

.debug_info     0x00000000     0x92c0
 .debug_info    0x00000000      0x670 Drivers/STM32F1xx_HAL_Driver/Src/stm32f1xx_hal.o
 .debug_info    0x00000670      0xc2e Drivers/STM32F1xx_HAL_Driver/Src/stm32f1xx_hal_cortex.o
 .debug_info    0x0000129e      0x608 Drivers/STM32F1xx_HAL_Driver/Src/stm32f1xx_hal_gpio.o
 .debug_info    0x000018a6      0x96b Drivers/STM32F1xx_HAL_Driver/Src/stm32f1xx_hal_rcc.o
 .debug_info    0x00002211     0x2de5 Drivers/STM32F1xx_HAL_Driver/Src/stm32f1xx_hal_tim.o
 .debug_info    0x00004ff6     0x1250 Drivers/STM32F1xx_HAL_Driver/Src/stm32f1xx_hal_tim_ex.o
 .debug_info    0x00006246      0x530 Src/lcd16x2.o
 .debug_info    0x00006776     0x1048 Src/main.o
 .debug_info    0x000077be      0x444 Src/pushButton.o
 .debug_info    0x00007c02      0x27c Src/sensor.o
 .debug_info    0x00007e7e      0x972 Src/stm32f1xx_hal_msp.o
 .debug_info    0x000087f0      0x66a Src/stm32f1xx_it.o
 .debug_info    0x00008e5a      0x3eb Src/system_stm32f1xx.o
 .debug_info    0x00009245       0x7b startup/startup_stm32f103xb.o

.debug_abbrev   0x00000000     0x17bf
 .debug_abbrev  0x00000000      0x1e8 Drivers/STM32F1xx_HAL_Driver/Src/stm32f1xx_hal.o
 .debug_abbrev  0x000001e8      0x2d9 Drivers/STM32F1xx_HAL_Driver/Src/stm32f1xx_hal_cortex.o
 .debug_abbrev  0x000004c1      0x1cd Drivers/STM32F1xx_HAL_Driver/Src/stm32f1xx_hal_gpio.o
 .debug_abbrev  0x0000068e      0x260 Drivers/STM32F1xx_HAL_Driver/Src/stm32f1xx_hal_rcc.o
 .debug_abbrev  0x000008ee      0x22a Drivers/STM32F1xx_HAL_Driver/Src/stm32f1xx_hal_tim.o
 .debug_abbrev  0x00000b18      0x21b Drivers/STM32F1xx_HAL_Driver/Src/stm32f1xx_hal_tim_ex.o
 .debug_abbrev  0x00000d33      0x161 Src/lcd16x2.o
 .debug_abbrev  0x00000e94      0x26c Src/main.o
 .debug_abbrev  0x00001100      0x156 Src/pushButton.o
 .debug_abbrev  0x00001256      0x10a Src/sensor.o
 .debug_abbrev  0x00001360      0x18f Src/stm32f1xx_hal_msp.o
 .debug_abbrev  0x000014ef      0x199 Src/stm32f1xx_it.o
 .debug_abbrev  0x00001688      0x125 Src/system_stm32f1xx.o
 .debug_abbrev  0x000017ad       0x12 startup/startup_stm32f103xb.o

.debug_loc      0x00000000     0x53ad
 .debug_loc     0x00000000       0x69 Drivers/STM32F1xx_HAL_Driver/Src/stm32f1xx_hal.o
 .debug_loc     0x00000069      0x527 Drivers/STM32F1xx_HAL_Driver/Src/stm32f1xx_hal_cortex.o
 .debug_loc     0x00000590      0x377 Drivers/STM32F1xx_HAL_Driver/Src/stm32f1xx_hal_gpio.o
 .debug_loc     0x00000907      0x4bc Drivers/STM32F1xx_HAL_Driver/Src/stm32f1xx_hal_rcc.o
 .debug_loc     0x00000dc3     0x329a Drivers/STM32F1xx_HAL_Driver/Src/stm32f1xx_hal_tim.o
 .debug_loc     0x0000405d      0xd78 Drivers/STM32F1xx_HAL_Driver/Src/stm32f1xx_hal_tim_ex.o
 .debug_loc     0x00004dd5      0x1b3 Src/lcd16x2.o
 .debug_loc     0x00004f88       0x82 Src/main.o
 .debug_loc     0x0000500a      0x1b1 Src/pushButton.o
 .debug_loc     0x000051bb       0xc6 Src/sensor.o
 .debug_loc     0x00005281       0x4d Src/stm32f1xx_hal_msp.o
 .debug_loc     0x000052ce       0xdf Src/system_stm32f1xx.o

.debug_aranges  0x00000000      0x8a0
 .debug_aranges
                0x00000000       0xb8 Drivers/STM32F1xx_HAL_Driver/Src/stm32f1xx_hal.o
 .debug_aranges
                0x000000b8       0x90 Drivers/STM32F1xx_HAL_Driver/Src/stm32f1xx_hal_cortex.o
 .debug_aranges
                0x00000148       0x58 Drivers/STM32F1xx_HAL_Driver/Src/stm32f1xx_hal_gpio.o
 .debug_aranges
                0x000001a0       0x90 Drivers/STM32F1xx_HAL_Driver/Src/stm32f1xx_hal_rcc.o
 .debug_aranges
                0x00000230      0x368 Drivers/STM32F1xx_HAL_Driver/Src/stm32f1xx_hal_tim.o
 .debug_aranges
                0x00000598      0x138 Drivers/STM32F1xx_HAL_Driver/Src/stm32f1xx_hal_tim_ex.o
 .debug_aranges
                0x000006d0       0x60 Src/lcd16x2.o
 .debug_aranges
                0x00000730       0x40 Src/main.o
 .debug_aranges
                0x00000770       0x28 Src/pushButton.o
 .debug_aranges
                0x00000798       0x20 Src/sensor.o
 .debug_aranges
                0x000007b8       0x30 Src/stm32f1xx_hal_msp.o
 .debug_aranges
                0x000007e8       0x68 Src/stm32f1xx_it.o
 .debug_aranges
                0x00000850       0x28 Src/system_stm32f1xx.o
 .debug_aranges
                0x00000878       0x28 startup/startup_stm32f103xb.o

.debug_ranges   0x00000000      0x7e0
 .debug_ranges  0x00000000       0xa8 Drivers/STM32F1xx_HAL_Driver/Src/stm32f1xx_hal.o
 .debug_ranges  0x000000a8       0x80 Drivers/STM32F1xx_HAL_Driver/Src/stm32f1xx_hal_cortex.o
 .debug_ranges  0x00000128       0x48 Drivers/STM32F1xx_HAL_Driver/Src/stm32f1xx_hal_gpio.o
 .debug_ranges  0x00000170       0x98 Drivers/STM32F1xx_HAL_Driver/Src/stm32f1xx_hal_rcc.o
 .debug_ranges  0x00000208      0x358 Drivers/STM32F1xx_HAL_Driver/Src/stm32f1xx_hal_tim.o
 .debug_ranges  0x00000560      0x128 Drivers/STM32F1xx_HAL_Driver/Src/stm32f1xx_hal_tim_ex.o
 .debug_ranges  0x00000688       0x50 Src/lcd16x2.o
 .debug_ranges  0x000006d8       0x30 Src/main.o
 .debug_ranges  0x00000708       0x18 Src/pushButton.o
 .debug_ranges  0x00000720       0x10 Src/sensor.o
 .debug_ranges  0x00000730       0x20 Src/stm32f1xx_hal_msp.o
 .debug_ranges  0x00000750       0x58 Src/stm32f1xx_it.o
 .debug_ranges  0x000007a8       0x18 Src/system_stm32f1xx.o
 .debug_ranges  0x000007c0       0x20 startup/startup_stm32f103xb.o

.debug_macro    0x00000000    0x1534a
 .debug_macro   0x00000000      0x2f5 Drivers/STM32F1xx_HAL_Driver/Src/stm32f1xx_hal.o
 .debug_macro   0x000002f5      0x880 Drivers/STM32F1xx_HAL_Driver/Src/stm32f1xx_hal.o
 .debug_macro   0x00000b75       0x7c Drivers/STM32F1xx_HAL_Driver/Src/stm32f1xx_hal.o
 .debug_macro   0x00000bf1      0x163 Drivers/STM32F1xx_HAL_Driver/Src/stm32f1xx_hal.o
 .debug_macro   0x00000d54       0x2e Drivers/STM32F1xx_HAL_Driver/Src/stm32f1xx_hal.o
 .debug_macro   0x00000d82       0x22 Drivers/STM32F1xx_HAL_Driver/Src/stm32f1xx_hal.o
 .debug_macro   0x00000da4       0x22 Drivers/STM32F1xx_HAL_Driver/Src/stm32f1xx_hal.o
 .debug_macro   0x00000dc6       0x87 Drivers/STM32F1xx_HAL_Driver/Src/stm32f1xx_hal.o
 .debug_macro   0x00000e4d       0x44 Drivers/STM32F1xx_HAL_Driver/Src/stm32f1xx_hal.o
 .debug_macro   0x00000e91       0xfd Drivers/STM32F1xx_HAL_Driver/Src/stm32f1xx_hal.o
 .debug_macro   0x00000f8e       0x5e Drivers/STM32F1xx_HAL_Driver/Src/stm32f1xx_hal.o
 .debug_macro   0x00000fec      0x1df Drivers/STM32F1xx_HAL_Driver/Src/stm32f1xx_hal.o
 .debug_macro   0x000011cb       0x34 Drivers/STM32F1xx_HAL_Driver/Src/stm32f1xx_hal.o
 .debug_macro   0x000011ff       0x34 Drivers/STM32F1xx_HAL_Driver/Src/stm32f1xx_hal.o
 .debug_macro   0x00001233      0xb8e Drivers/STM32F1xx_HAL_Driver/Src/stm32f1xx_hal.o
 .debug_macro   0x00001dc1     0xe90a Drivers/STM32F1xx_HAL_Driver/Src/stm32f1xx_hal.o
 .debug_macro   0x000106cb       0x43 Drivers/STM32F1xx_HAL_Driver/Src/stm32f1xx_hal.o
 .debug_macro   0x0001070e       0x52 Drivers/STM32F1xx_HAL_Driver/Src/stm32f1xx_hal.o
 .debug_macro   0x00010760       0x35 Drivers/STM32F1xx_HAL_Driver/Src/stm32f1xx_hal.o
 .debug_macro   0x00010795       0x9c Drivers/STM32F1xx_HAL_Driver/Src/stm32f1xx_hal.o
 .debug_macro   0x00010831       0x16 Drivers/STM32F1xx_HAL_Driver/Src/stm32f1xx_hal.o
 .debug_macro   0x00010847       0x97 Drivers/STM32F1xx_HAL_Driver/Src/stm32f1xx_hal.o
 .debug_macro   0x000108de      0x30d Drivers/STM32F1xx_HAL_Driver/Src/stm32f1xx_hal.o
 .debug_macro   0x00010beb       0xfd Drivers/STM32F1xx_HAL_Driver/Src/stm32f1xx_hal.o
 .debug_macro   0x00010ce8       0x10 Drivers/STM32F1xx_HAL_Driver/Src/stm32f1xx_hal.o
 .debug_macro   0x00010cf8       0x52 Drivers/STM32F1xx_HAL_Driver/Src/stm32f1xx_hal.o
 .debug_macro   0x00010d4a       0x1f Drivers/STM32F1xx_HAL_Driver/Src/stm32f1xx_hal.o
 .debug_macro   0x00010d69       0x43 Drivers/STM32F1xx_HAL_Driver/Src/stm32f1xx_hal.o
 .debug_macro   0x00010dac       0x20 Drivers/STM32F1xx_HAL_Driver/Src/stm32f1xx_hal.o
 .debug_macro   0x00010dcc      0x187 Drivers/STM32F1xx_HAL_Driver/Src/stm32f1xx_hal.o
 .debug_macro   0x00010f53       0x10 Drivers/STM32F1xx_HAL_Driver/Src/stm32f1xx_hal.o
 .debug_macro   0x00010f63       0x1c Drivers/STM32F1xx_HAL_Driver/Src/stm32f1xx_hal.o
 .debug_macro   0x00010f7f       0x52 Drivers/STM32F1xx_HAL_Driver/Src/stm32f1xx_hal.o
 .debug_macro   0x00010fd1       0x40 Drivers/STM32F1xx_HAL_Driver/Src/stm32f1xx_hal.o
 .debug_macro   0x00011011       0x10 Drivers/STM32F1xx_HAL_Driver/Src/stm32f1xx_hal.o
 .debug_macro   0x00011021       0x40 Drivers/STM32F1xx_HAL_Driver/Src/stm32f1xx_hal.o
 .debug_macro   0x00011061       0xd7 Drivers/STM32F1xx_HAL_Driver/Src/stm32f1xx_hal.o
 .debug_macro   0x00011138       0x16 Drivers/STM32F1xx_HAL_Driver/Src/stm32f1xx_hal.o
 .debug_macro   0x0001114e      0x18b Drivers/STM32F1xx_HAL_Driver/Src/stm32f1xx_hal.o
 .debug_macro   0x000112d9       0x50 Drivers/STM32F1xx_HAL_Driver/Src/stm32f1xx_hal.o
 .debug_macro   0x00011329      0x5c2 Drivers/STM32F1xx_HAL_Driver/Src/stm32f1xx_hal.o
 .debug_macro   0x000118eb      0x28b Drivers/STM32F1xx_HAL_Driver/Src/stm32f1xx_hal.o
 .debug_macro   0x00011b76      0x1cb Drivers/STM32F1xx_HAL_Driver/Src/stm32f1xx_hal.o
 .debug_macro   0x00011d41      0x11e Drivers/STM32F1xx_HAL_Driver/Src/stm32f1xx_hal.o
 .debug_macro   0x00011e5f      0x197 Drivers/STM32F1xx_HAL_Driver/Src/stm32f1xx_hal.o
 .debug_macro   0x00011ff6       0x27 Drivers/STM32F1xx_HAL_Driver/Src/stm32f1xx_hal.o
 .debug_macro   0x0001201d      0x1bc Drivers/STM32F1xx_HAL_Driver/Src/stm32f1xx_hal.o
 .debug_macro   0x000121d9       0x34 Drivers/STM32F1xx_HAL_Driver/Src/stm32f1xx_hal.o
 .debug_macro   0x0001220d       0x3c Drivers/STM32F1xx_HAL_Driver/Src/stm32f1xx_hal.o
 .debug_macro   0x00012249       0x57 Drivers/STM32F1xx_HAL_Driver/Src/stm32f1xx_hal.o
 .debug_macro   0x000122a0       0x8c Drivers/STM32F1xx_HAL_Driver/Src/stm32f1xx_hal.o
 .debug_macro   0x0001232c      0x242 Drivers/STM32F1xx_HAL_Driver/Src/stm32f1xx_hal.o
 .debug_macro   0x0001256e      0x143 Drivers/STM32F1xx_HAL_Driver/Src/stm32f1xx_hal.o
 .debug_macro   0x000126b1      0x84c Drivers/STM32F1xx_HAL_Driver/Src/stm32f1xx_hal.o
 .debug_macro   0x00012efd       0x1f Drivers/STM32F1xx_HAL_Driver/Src/stm32f1xx_hal.o
 .debug_macro   0x00012f1c       0x7c Drivers/STM32F1xx_HAL_Driver/Src/stm32f1xx_hal.o
 .debug_macro   0x00012f98      0x2d1 Drivers/STM32F1xx_HAL_Driver/Src/stm32f1xx_hal_cortex.o
 .debug_macro   0x00013269      0x341 Drivers/STM32F1xx_HAL_Driver/Src/stm32f1xx_hal_gpio.o
 .debug_macro   0x000135aa      0x2e3 Drivers/STM32F1xx_HAL_Driver/Src/stm32f1xx_hal_rcc.o
 .debug_macro   0x0001388d      0x2d2 Drivers/STM32F1xx_HAL_Driver/Src/stm32f1xx_hal_tim.o
 .debug_macro   0x00013b5f      0x2d1 Drivers/STM32F1xx_HAL_Driver/Src/stm32f1xx_hal_tim_ex.o
 .debug_macro   0x00013e30      0x2e0 Src/lcd16x2.o
 .debug_macro   0x00014110       0x7c Src/lcd16x2.o
 .debug_macro   0x0001418c      0x2f2 Src/main.o
 .debug_macro   0x0001447e       0x82 Src/main.o
 .debug_macro   0x00014500      0x2df Src/pushButton.o
 .debug_macro   0x000147df      0x2e8 Src/sensor.o
 .debug_macro   0x00014ac7      0x2d1 Src/stm32f1xx_hal_msp.o
 .debug_macro   0x00014d98      0x2db Src/stm32f1xx_it.o
 .debug_macro   0x00015073      0x2d7 Src/system_stm32f1xx.o

.debug_line     0x00000000     0x7b0a
 .debug_line    0x00000000      0x884 Drivers/STM32F1xx_HAL_Driver/Src/stm32f1xx_hal.o
 .debug_line    0x00000884      0x8b6 Drivers/STM32F1xx_HAL_Driver/Src/stm32f1xx_hal_cortex.o
 .debug_line    0x0000113a      0x8a0 Drivers/STM32F1xx_HAL_Driver/Src/stm32f1xx_hal_gpio.o
 .debug_line    0x000019da      0x9c7 Drivers/STM32F1xx_HAL_Driver/Src/stm32f1xx_hal_rcc.o
 .debug_line    0x000023a1     0x15ab Drivers/STM32F1xx_HAL_Driver/Src/stm32f1xx_hal_tim.o
 .debug_line    0x0000394c      0xc8d Drivers/STM32F1xx_HAL_Driver/Src/stm32f1xx_hal_tim_ex.o
 .debug_line    0x000045d9      0x7ce Src/lcd16x2.o
 .debug_line    0x00004da7      0x805 Src/main.o
 .debug_line    0x000055ac      0x767 Src/pushButton.o
 .debug_line    0x00005d13      0x736 Src/sensor.o
 .debug_line    0x00006449      0x740 Src/stm32f1xx_hal_msp.o
 .debug_line    0x00006b89      0x7c6 Src/stm32f1xx_it.o
 .debug_line    0x0000734f      0x73e Src/system_stm32f1xx.o
 .debug_line    0x00007a8d       0x7d startup/startup_stm32f103xb.o

.debug_str      0x00000000    0x6e993
 .debug_str     0x00000000    0x6c5fa Drivers/STM32F1xx_HAL_Driver/Src/stm32f1xx_hal.o
                              0x6c92c (size before relaxing)
 .debug_str     0x0006c5fa      0x2eb Drivers/STM32F1xx_HAL_Driver/Src/stm32f1xx_hal_cortex.o
                              0x6c939 (size before relaxing)
 .debug_str     0x0006c8e5      0x3b0 Drivers/STM32F1xx_HAL_Driver/Src/stm32f1xx_hal_gpio.o
                              0x6c66e (size before relaxing)
 .debug_str     0x0006cc95      0x384 Drivers/STM32F1xx_HAL_Driver/Src/stm32f1xx_hal_rcc.o
                              0x6c701 (size before relaxing)
 .debug_str     0x0006d019     0x10e3 Drivers/STM32F1xx_HAL_Driver/Src/stm32f1xx_hal_tim.o
                              0x6d3c3 (size before relaxing)
 .debug_str     0x0006e0fc      0x4f1 Drivers/STM32F1xx_HAL_Driver/Src/stm32f1xx_hal_tim_ex.o
                              0x6cc65 (size before relaxing)
 .debug_str     0x0006e5ed      0x10b Src/lcd16x2.o
                              0x6c364 (size before relaxing)
 .debug_str     0x0006e6f8       0xee Src/main.o
                              0x6cdb4 (size before relaxing)
 .debug_str     0x0006e7e6       0x47 Src/pushButton.o
                              0x6c315 (size before relaxing)
 .debug_str     0x0006e82d       0x10 Src/sensor.o
                              0x6c356 (size before relaxing)
 .debug_str     0x0006e83d       0x25 Src/stm32f1xx_hal_msp.o
                              0x6c9be (size before relaxing)
 .debug_str     0x0006e862       0xc8 Src/stm32f1xx_it.o
                              0x6c6d5 (size before relaxing)
 .debug_str     0x0006e92a       0x69 Src/system_stm32f1xx.o
                              0x6c357 (size before relaxing)

.comment        0x00000000       0x6e
 .comment       0x00000000       0x6e Drivers/STM32F1xx_HAL_Driver/Src/stm32f1xx_hal.o
                                 0x6f (size before relaxing)
 .comment       0x0000006e       0x6f Drivers/STM32F1xx_HAL_Driver/Src/stm32f1xx_hal_cortex.o
 .comment       0x0000006e       0x6f Drivers/STM32F1xx_HAL_Driver/Src/stm32f1xx_hal_gpio.o
 .comment       0x0000006e       0x6f Drivers/STM32F1xx_HAL_Driver/Src/stm32f1xx_hal_rcc.o
 .comment       0x0000006e       0x6f Drivers/STM32F1xx_HAL_Driver/Src/stm32f1xx_hal_tim.o
 .comment       0x0000006e       0x6f Drivers/STM32F1xx_HAL_Driver/Src/stm32f1xx_hal_tim_ex.o
 .comment       0x0000006e       0x6f Src/lcd16x2.o
 .comment       0x0000006e       0x6f Src/main.o
 .comment       0x0000006e       0x6f Src/pushButton.o
 .comment       0x0000006e       0x6f Src/sensor.o
 .comment       0x0000006e       0x6f Src/stm32f1xx_hal_msp.o
 .comment       0x0000006e       0x6f Src/stm32f1xx_it.o
 .comment       0x0000006e       0x6f Src/system_stm32f1xx.o

.debug_frame    0x00000000     0x1918
 .debug_frame   0x00000000      0x178 Drivers/STM32F1xx_HAL_Driver/Src/stm32f1xx_hal.o
 .debug_frame   0x00000178      0x124 Drivers/STM32F1xx_HAL_Driver/Src/stm32f1xx_hal_cortex.o
 .debug_frame   0x0000029c       0xc4 Drivers/STM32F1xx_HAL_Driver/Src/stm32f1xx_hal_gpio.o
 .debug_frame   0x00000360      0x164 Drivers/STM32F1xx_HAL_Driver/Src/stm32f1xx_hal_rcc.o
 .debug_frame   0x000004c4      0x9cc Drivers/STM32F1xx_HAL_Driver/Src/stm32f1xx_hal_tim.o
 .debug_frame   0x00000e90      0x3a0 Drivers/STM32F1xx_HAL_Driver/Src/stm32f1xx_hal_tim_ex.o
 .debug_frame   0x00001230       0xf4 Src/lcd16x2.o
 .debug_frame   0x00001324       0x9c Src/main.o
 .debug_frame   0x000013c0       0x40 Src/pushButton.o
 .debug_frame   0x00001400       0x28 Src/sensor.o
 .debug_frame   0x00001428       0x64 Src/stm32f1xx_hal_msp.o
 .debug_frame   0x0000148c       0xc0 Src/stm32f1xx_it.o
 .debug_frame   0x0000154c       0x30 Src/system_stm32f1xx.o
 .debug_frame   0x0000157c       0x2c /home/yudhabhirawaanoraga/Ac6/plugins/fr.ac6.mcu.externaltools.arm-none.linux32_1.13.1.201703061523/tools/compiler/bin/../lib/gcc/arm-none-eabi/5.4.1/../../../../arm-none-eabi/lib/armv7-m/libc_nano.a(lib_a-init.o)
 .debug_frame   0x000015a8       0x70 /home/yudhabhirawaanoraga/Ac6/plugins/fr.ac6.mcu.externaltools.arm-none.linux32_1.13.1.201703061523/tools/compiler/bin/../lib/gcc/arm-none-eabi/5.4.1/../../../../arm-none-eabi/lib/armv7-m/libc_nano.a(lib_a-sprintf.o)
 .debug_frame   0x00001618       0x90 /home/yudhabhirawaanoraga/Ac6/plugins/fr.ac6.mcu.externaltools.arm-none.linux32_1.13.1.201703061523/tools/compiler/bin/../lib/gcc/arm-none-eabi/5.4.1/../../../../arm-none-eabi/lib/armv7-m/libc_nano.a(lib_a-nano-svfprintf.o)
 .debug_frame   0x000016a8       0x60 /home/yudhabhirawaanoraga/Ac6/plugins/fr.ac6.mcu.externaltools.arm-none.linux32_1.13.1.201703061523/tools/compiler/bin/../lib/gcc/arm-none-eabi/5.4.1/../../../../arm-none-eabi/lib/armv7-m/libc_nano.a(lib_a-nano-vfprintf_i.o)
 .debug_frame   0x00001708       0x28 /home/yudhabhirawaanoraga/Ac6/plugins/fr.ac6.mcu.externaltools.arm-none.linux32_1.13.1.201703061523/tools/compiler/bin/../lib/gcc/arm-none-eabi/5.4.1/../../../../arm-none-eabi/lib/armv7-m/libc_nano.a(lib_a-memchr-stub.o)
 .debug_frame   0x00001730       0x28 /home/yudhabhirawaanoraga/Ac6/plugins/fr.ac6.mcu.externaltools.arm-none.linux32_1.13.1.201703061523/tools/compiler/bin/../lib/gcc/arm-none-eabi/5.4.1/../../../../arm-none-eabi/lib/armv7-m/libc_nano.a(lib_a-memcpy-stub.o)
 .debug_frame   0x00001758       0x28 /home/yudhabhirawaanoraga/Ac6/plugins/fr.ac6.mcu.externaltools.arm-none.linux32_1.13.1.201703061523/tools/compiler/bin/../lib/gcc/arm-none-eabi/5.4.1/../../../../arm-none-eabi/lib/armv7-m/libc_nano.a(lib_a-memmove.o)
 .debug_frame   0x00001780       0x38 /home/yudhabhirawaanoraga/Ac6/plugins/fr.ac6.mcu.externaltools.arm-none.linux32_1.13.1.201703061523/tools/compiler/bin/../lib/gcc/arm-none-eabi/5.4.1/../../../../arm-none-eabi/lib/armv7-m/libc_nano.a(lib_a-nano-freer.o)
 .debug_frame   0x000017b8       0x2c /home/yudhabhirawaanoraga/Ac6/plugins/fr.ac6.mcu.externaltools.arm-none.linux32_1.13.1.201703061523/tools/compiler/bin/../lib/gcc/arm-none-eabi/5.4.1/../../../../arm-none-eabi/lib/armv7-m/libc_nano.a(lib_a-nano-mallocr.o)
 .debug_frame   0x000017e4       0x3c /home/yudhabhirawaanoraga/Ac6/plugins/fr.ac6.mcu.externaltools.arm-none.linux32_1.13.1.201703061523/tools/compiler/bin/../lib/gcc/arm-none-eabi/5.4.1/../../../../arm-none-eabi/lib/armv7-m/libc_nano.a(lib_a-nano-reallocr.o)
 .debug_frame   0x00001820       0x2c /home/yudhabhirawaanoraga/Ac6/plugins/fr.ac6.mcu.externaltools.arm-none.linux32_1.13.1.201703061523/tools/compiler/bin/../lib/gcc/arm-none-eabi/5.4.1/../../../../arm-none-eabi/lib/armv7-m/libc_nano.a(lib_a-sbrkr.o)
 .debug_frame   0x0000184c       0x30 /home/yudhabhirawaanoraga/Ac6/plugins/fr.ac6.mcu.externaltools.arm-none.linux32_1.13.1.201703061523/tools/compiler/bin/../lib/gcc/arm-none-eabi/5.4.1/../../../../arm-none-eabi/lib/armv7-m/libc_nano.a(lib_a-mlock.o)
 .debug_frame   0x0000187c       0x20 /home/yudhabhirawaanoraga/Ac6/plugins/fr.ac6.mcu.externaltools.arm-none.linux32_1.13.1.201703061523/tools/compiler/bin/../lib/gcc/arm-none-eabi/5.4.1/../../../../arm-none-eabi/lib/armv7-m/libc_nano.a(lib_a-nano-msizer.o)
 .debug_frame   0x0000189c       0x5c /home/yudhabhirawaanoraga/Ac6/plugins/fr.ac6.mcu.externaltools.arm-none.linux32_1.13.1.201703061523/tools/compiler/bin/../lib/gcc/arm-none-eabi/5.4.1/../../../../arm-none-eabi/lib/armv7-m/libc_nano.a(lib_a-reent.o)
 .debug_frame   0x000018f8       0x20 /home/yudhabhirawaanoraga/Ac6/plugins/fr.ac6.mcu.externaltools.arm-none.linux32_1.13.1.201703061523/tools/compiler/bin/../lib/gcc/arm-none-eabi/5.4.1/../../../../arm-none-eabi/lib/armv7-m/libnosys.a(sbrk.o)
